// Jest Snapshot v1, https://goo.gl/fbAQLP

exports[`<FlashMessagesView /> renders correctly 1`] = `
<div
  className="flash-message-main-style"
>
  <flash-message-mock
    onCloseClick={[Function]}
    text="success-message"
    type="success"
  />
  <flash-message-mock
    onCloseClick={[Function]}
    text="error-message"
    type="error"
  />
</div>
`;
