// Jest Snapshot v1, https://goo.gl/fbAQLP

exports[`<HomeView /> renders correctly 1`] = `
<div>
  <grid-mock
    className="home-view-container"
    container={true}
    spacing={16}
  >
    <grid-mock
      item={true}
      xs={12}
    >
      <grid-mock
        container={true}
        justify="center"
        spacing={16}
      >
        <grid-mock
          item={true}
          onClick={[Function]}
        >
          <paper-mock
            className="home-view-paper"
          >
            <img
              className="home-menu-icon"
              src="test-file-stub"
            />
            <h6>
              KPI
            </h6>
          </paper-mock>
        </grid-mock>
        <grid-mock
          item={true}
          onClick={[Function]}
        >
          <paper-mock
            className="home-view-paper"
          >
            <img
              className="home-menu-icon"
              src="test-file-stub"
            />
            <h6>
              User management
            </h6>
          </paper-mock>
        </grid-mock>
        <grid-mock
          item={true}
          onClick={[Function]}
        >
          <paper-mock
            className="home-view-paper"
          >
            <img
              className="home-menu-icon"
              src="test-file-stub"
            />
            <h6>
              Offers management
            </h6>
          </paper-mock>
        </grid-mock>
        <grid-mock
          item={true}
          onClick={[Function]}
        >
          <paper-mock
            className="home-view-paper"
          >
            <img
              className="home-menu-icon"
              src="test-file-stub"
            />
            <h6>
              Permission management
            </h6>
          </paper-mock>
        </grid-mock>
      </grid-mock>
    </grid-mock>
  </grid-mock>
  <div
    className="published-system-information"
  >
    <published-system-info-mock />
  </div>
</div>
`;
