// Jest Snapshot v1, https://goo.gl/fbAQLP

exports[`<PublishedSystemInformation /> renders correctly 1`] = `
<div
  className="published-system-information"
>
  <h3>
    System Information
  </h3>
  <ul>
    <li>
      <div
        className="information-text"
      >
        update | en-text
      </div>
    </li>
  </ul>
</div>
`;
